13:43:14 **** Build of configuration Debug for project ledproject ****
make -j16 all 
arm-none-eabi-gcc "../Drivers/modules/buttondriver.c" -mcpu=cortex-m4 -std=gnu11 -g3 -DDEBUG -DUSE_HAL_DRIVER -DSTM32F407xx -c -I../Drivers/modules -I../Core/Inc -I../Drivers/STM32F4xx_HAL_Driver/Inc -I../Drivers/STM32F4xx_HAL_Driver/Inc/Legacy -I../Drivers/CMSIS/Device/ST/STM32F4xx/Include -I../Drivers/CMSIS/Include -O0 -ffunction-sections -fdata-sections -Wall -fstack-usage -fcyclomatic-complexity -MMD -MP -MF"Drivers/modules/buttondriver.d" -MT"Drivers/modules/buttondriver.o" --specs=nano.specs -mfpu=fpv4-sp-d16 -mfloat-abi=hard -mthumb -o "Drivers/modules/buttondriver.o"
arm-none-eabi-gcc -o "ledproject.elf" @"objects.list"   -mcpu=cortex-m4 -T"C:\stm32projects\ledproject\STM32F407VGTX_FLASH.ld" --specs=nosys.specs -Wl,-Map="ledproject.map" -Wl,--gc-sections -static --specs=nano.specs -mfpu=fpv4-sp-d16 -mfloat-abi=hard -mthumb -Wl,--start-group -lc -lm -Wl,--end-group
Finished building target: ledproject.elf
 
arm-none-eabi-size  ledproject.elf 
arm-none-eabi-objdump -h -S ledproject.elf  > "ledproject.list"
   text	   data	    bss	    dec	    hex	filename
   7180	     12	   1572	   8764	   223c	ledproject.elf
Finished building: default.size.stdout
 
Finished building: ledproject.list
 

13:43:17 Build Finished. 0 errors, 0 warnings. (took 3s.786ms)

